### Starting qwen_v2u_s7 (10:08:11)
### Finished qwen_v2u_s7 (10:57:38)
### Starting qwen_v2u_s13 (10:57:38)
### Finished qwen_v2u_s13 (11:44:03)
### Starting qwen_v2u_s42 (11:44:03)
### Finished qwen_v2u_s42 (12:29:37)
### Starting qwen_v2u_s99 (12:29:37)
### Finished qwen_v2u_s99 (13:11:38)
### Starting qwen_v2u_s2024 (13:11:38)
### Finished qwen_v2u_s2024 (13:57:46)
### Starting qwen_v2u_scored_s7 (13:57:46)
### Finished qwen_v2u_scored_s7 (14:40:16)
### Starting qwen_v2u_scored_s13 (14:40:16)
### Finished qwen_v2u_scored_s13 (15:22:53)
### Starting qwen_v2u_scored_s42 (15:22:53)
### Finished qwen_v2u_scored_s42 (16:12:14)
### Starting qwen_v2u_scored_s99 (16:12:14)
### Finished qwen_v2u_scored_s99 (17:03:51)
### Starting qwen_v2u_scored_s2024 (17:03:51)
### Finished qwen_v2u_scored_s2024 (17:49:39)
ALL 10 RERUNS DONE at 17:49:39
